[    1317ms] [INFO] %cDownload the React DevTools for a better development experience: https://react.dev/link/react-devtools font-weight:bold @ http://[::1]:5173/node_modules/.vite/deps/react-dom_client.js?v=47584b45:17803
[    1367ms] [WARNING] <meta name="apple-mobile-web-app-capable" content="yes"> is deprecated. Please include <meta name="mobile-web-app-capable" content="yes"> @ http://127.0.0.1:8151/find-courts?search=Dumaguete%20Pickleball%20Hub:0
[    4690ms] [WARNING] The resource http://127.0.0.1:8151/cp3.png was preloaded using link preload but not used within a few seconds from the window's load event. Please make sure it has an appropriate `as` value and it is preloaded intentionally. @ http://127.0.0.1:8151/find-courts?search=Dumaguete%20Pickleball%20Hub:0
[    4690ms] [WARNING] The resource http://127.0.0.1:8151/cp-model5.png was preloaded using link preload but not used within a few seconds from the window's load event. Please make sure it has an appropriate `as` value and it is preloaded intentionally. @ http://127.0.0.1:8151/find-courts?search=Dumaguete%20Pickleball%20Hub:0
[   54171ms] ReferenceError: Clock is not defined
    at http://[::1]:5173/resources/js/pages/court-discovery.tsx?t=1787057998463:447:44
    at Array.map (<anonymous>)
    at CourtDiscovery (http://[::1]:5173/resources/js/pages/court-discovery.tsx?t=1787057998463:328:92)
    at react-stack-bottom-frame (http://[::1]:5173/node_modules/.vite/deps/react-dom_client.js?v=47584b45:16192:20)
    at renderWithHooks (http://[::1]:5173/node_modules/.vite/deps/react-dom_client.js?v=47584b45:4306:24)
    at updateFunctionComponent (http://[::1]:5173/node_modules/.vite/deps/react-dom_client.js?v=47584b45:5972:21)
    at beginWork (http://[::1]:5173/node_modules/.vite/deps/react-dom_client.js?v=47584b45:7048:20)
    at runWithFiberInDEV (http://[::1]:5173/node_modules/.vite/deps/react-dom_client.js?v=47584b45:726:18)
    at performUnitOfWork (http://[::1]:5173/node_modules/.vite/deps/react-dom_client.js?v=47584b45:10831:98)
    at workLoopSync (http://[::1]:5173/node_modules/.vite/deps/react-dom_client.js?v=47584b45:10692:43)
[   54170ms] [WARNING] %s

%s
 An error occurred in the <CourtDiscovery> component. Consider adding an error boundary to your tree to customize error handling behavior.
Visit https://react.dev/link/error-boundaries to learn more about error boundaries. @ http://[::1]:5173/node_modules/.vite/deps/react-dom_client.js?v=47584b45:5588
[   55794ms] [INFO] %cDownload the React DevTools for a better development experience: https://react.dev/link/react-devtools font-weight:bold @ http://[::1]:5173/node_modules/.vite/deps/react-dom_client.js?v=47584b45:17803
[   55843ms] [WARNING] <meta name="apple-mobile-web-app-capable" content="yes"> is deprecated. Please include <meta name="mobile-web-app-capable" content="yes"> @ http://127.0.0.1:8151/find-courts?search=Dumaguete%20Pickleball%20Hub:0
[   55900ms] ReferenceError: Clock is not defined
    at http://[::1]:5173/resources/js/pages/court-discovery.tsx?t=1787057998463:447:44
    at Array.map (<anonymous>)
    at CourtDiscovery (http://[::1]:5173/resources/js/pages/court-discovery.tsx?t=1787057998463:328:92)
    at react-stack-bottom-frame (http://[::1]:5173/node_modules/.vite/deps/react-dom_client.js?v=47584b45:16192:20)
    at renderWithHooks (http://[::1]:5173/node_modules/.vite/deps/react-dom_client.js?v=47584b45:4306:24)
    at updateFunctionComponent (http://[::1]:5173/node_modules/.vite/deps/react-dom_client.js?v=47584b45:5972:21)
    at beginWork (http://[::1]:5173/node_modules/.vite/deps/react-dom_client.js?v=47584b45:7048:20)
    at runWithFiberInDEV (http://[::1]:5173/node_modules/.vite/deps/react-dom_client.js?v=47584b45:726:18)
    at performUnitOfWork (http://[::1]:5173/node_modules/.vite/deps/react-dom_client.js?v=47584b45:10831:98)
    at workLoopSync (http://[::1]:5173/node_modules/.vite/deps/react-dom_client.js?v=47584b45:10692:43)
[   55895ms] [WARNING] %s

%s
 An error occurred in the <CourtDiscovery> component. Consider adding an error boundary to your tree to customize error handling behavior.
Visit https://react.dev/link/error-boundaries to learn more about error boundaries. @ http://[::1]:5173/node_modules/.vite/deps/react-dom_client.js?v=47584b45:5588
[   58989ms] [INFO] %cDownload the React DevTools for a better development experience: https://react.dev/link/react-devtools font-weight:bold @ http://[::1]:5173/node_modules/.vite/deps/react-dom_client.js?v=47584b45:17803
[   59035ms] [WARNING] <meta name="apple-mobile-web-app-capable" content="yes"> is deprecated. Please include <meta name="mobile-web-app-capable" content="yes"> @ http://127.0.0.1:8151/find-courts?search=Dumaguete%20Pickleball%20Hub:0
[   59052ms] ReferenceError: Clock is not defined
    at http://[::1]:5173/resources/js/pages/court-discovery.tsx?t=1787057998463:447:44
    at Array.map (<anonymous>)
    at CourtDiscovery (http://[::1]:5173/resources/js/pages/court-discovery.tsx?t=1787057998463:328:92)
    at react-stack-bottom-frame (http://[::1]:5173/node_modules/.vite/deps/react-dom_client.js?v=47584b45:16192:20)
    at renderWithHooks (http://[::1]:5173/node_modules/.vite/deps/react-dom_client.js?v=47584b45:4306:24)
    at updateFunctionComponent (http://[::1]:5173/node_modules/.vite/deps/react-dom_client.js?v=47584b45:5972:21)
    at beginWork (http://[::1]:5173/node_modules/.vite/deps/react-dom_client.js?v=47584b45:7048:20)
    at runWithFiberInDEV (http://[::1]:5173/node_modules/.vite/deps/react-dom_client.js?v=47584b45:726:18)
    at performUnitOfWork (http://[::1]:5173/node_modules/.vite/deps/react-dom_client.js?v=47584b45:10831:98)
    at workLoopSync (http://[::1]:5173/node_modules/.vite/deps/react-dom_client.js?v=47584b45:10692:43)
[   59050ms] [WARNING] %s

%s
 An error occurred in the <CourtDiscovery> component. Consider adding an error boundary to your tree to customize error handling behavior.
Visit https://react.dev/link/error-boundaries to learn more about error boundaries. @ http://[::1]:5173/node_modules/.vite/deps/react-dom_client.js?v=47584b45:5588
[   60636ms] [INFO] %cDownload the React DevTools for a better development experience: https://react.dev/link/react-devtools font-weight:bold @ http://[::1]:5173/node_modules/.vite/deps/react-dom_client.js?v=47584b45:17803
[   60669ms] [WARNING] <meta name="apple-mobile-web-app-capable" content="yes"> is deprecated. Please include <meta name="mobile-web-app-capable" content="yes"> @ http://127.0.0.1:8151/find-courts?search=Dumaguete%20Pickleball%20Hub:0
[   60685ms] ReferenceError: Clock is not defined
    at http://[::1]:5173/resources/js/pages/court-discovery.tsx?t=1787057998463:447:44
    at Array.map (<anonymous>)
    at CourtDiscovery (http://[::1]:5173/resources/js/pages/court-discovery.tsx?t=1787057998463:328:92)
    at react-stack-bottom-frame (http://[::1]:5173/node_modules/.vite/deps/react-dom_client.js?v=47584b45:16192:20)
    at renderWithHooks (http://[::1]:5173/node_modules/.vite/deps/react-dom_client.js?v=47584b45:4306:24)
    at updateFunctionComponent (http://[::1]:5173/node_modules/.vite/deps/react-dom_client.js?v=47584b45:5972:21)
    at beginWork (http://[::1]:5173/node_modules/.vite/deps/react-dom_client.js?v=47584b45:7048:20)
    at runWithFiberInDEV (http://[::1]:5173/node_modules/.vite/deps/react-dom_client.js?v=47584b45:726:18)
    at performUnitOfWork (http://[::1]:5173/node_modules/.vite/deps/react-dom_client.js?v=47584b45:10831:98)
    at workLoopSync (http://[::1]:5173/node_modules/.vite/deps/react-dom_client.js?v=47584b45:10692:43)
[   60680ms] [WARNING] %s

%s
 An error occurred in the <CourtDiscovery> component. Consider adding an error boundary to your tree to customize error handling behavior.
Visit https://react.dev/link/error-boundaries to learn more about error boundaries. @ http://[::1]:5173/node_modules/.vite/deps/react-dom_client.js?v=47584b45:5588
[   62734ms] [INFO] %cDownload the React DevTools for a better development experience: https://react.dev/link/react-devtools font-weight:bold @ http://[::1]:5173/node_modules/.vite/deps/react-dom_client.js?v=47584b45:17803
[   62773ms] [WARNING] <meta name="apple-mobile-web-app-capable" content="yes"> is deprecated. Please include <meta name="mobile-web-app-capable" content="yes"> @ http://127.0.0.1:8151/find-courts?search=Dumaguete%20Pickleball%20Hub:0
[   62782ms] ReferenceError: Clock is not defined
    at http://[::1]:5173/resources/js/pages/court-discovery.tsx?t=1787057998463:447:44
    at Array.map (<anonymous>)
    at CourtDiscovery (http://[::1]:5173/resources/js/pages/court-discovery.tsx?t=1787057998463:328:92)
    at react-stack-bottom-frame (http://[::1]:5173/node_modules/.vite/deps/react-dom_client.js?v=47584b45:16192:20)
    at renderWithHooks (http://[::1]:5173/node_modules/.vite/deps/react-dom_client.js?v=47584b45:4306:24)
    at updateFunctionComponent (http://[::1]:5173/node_modules/.vite/deps/react-dom_client.js?v=47584b45:5972:21)
    at beginWork (http://[::1]:5173/node_modules/.vite/deps/react-dom_client.js?v=47584b45:7048:20)
    at runWithFiberInDEV (http://[::1]:5173/node_modules/.vite/deps/react-dom_client.js?v=47584b45:726:18)
    at performUnitOfWork (http://[::1]:5173/node_modules/.vite/deps/react-dom_client.js?v=47584b45:10831:98)
    at workLoopSync (http://[::1]:5173/node_modules/.vite/deps/react-dom_client.js?v=47584b45:10692:43)
[   62781ms] [WARNING] %s

%s
 An error occurred in the <CourtDiscovery> component. Consider adding an error boundary to your tree to customize error handling behavior.
Visit https://react.dev/link/error-boundaries to learn more about error boundaries. @ http://[::1]:5173/node_modules/.vite/deps/react-dom_client.js?v=47584b45:5588
[   64546ms] [INFO] %cDownload the React DevTools for a better development experience: https://react.dev/link/react-devtools font-weight:bold @ http://[::1]:5173/node_modules/.vite/deps/react-dom_client.js?v=47584b45:17803
[   64577ms] [WARNING] <meta name="apple-mobile-web-app-capable" content="yes"> is deprecated. Please include <meta name="mobile-web-app-capable" content="yes"> @ http://127.0.0.1:8151/find-courts?search=Dumaguete%20Pickleball%20Hub:0
[   64584ms] ReferenceError: Clock is not defined
    at http://[::1]:5173/resources/js/pages/court-discovery.tsx?t=1787057998463:447:44
    at Array.map (<anonymous>)
    at CourtDiscovery (http://[::1]:5173/resources/js/pages/court-discovery.tsx?t=1787057998463:328:92)
    at react-stack-bottom-frame (http://[::1]:5173/node_modules/.vite/deps/react-dom_client.js?v=47584b45:16192:20)
    at renderWithHooks (http://[::1]:5173/node_modules/.vite/deps/react-dom_client.js?v=47584b45:4306:24)
    at updateFunctionComponent (http://[::1]:5173/node_modules/.vite/deps/react-dom_client.js?v=47584b45:5972:21)
    at beginWork (http://[::1]:5173/node_modules/.vite/deps/react-dom_client.js?v=47584b45:7048:20)
    at runWithFiberInDEV (http://[::1]:5173/node_modules/.vite/deps/react-dom_client.js?v=47584b45:726:18)
    at performUnitOfWork (http://[::1]:5173/node_modules/.vite/deps/react-dom_client.js?v=47584b45:10831:98)
    at workLoopSync (http://[::1]:5173/node_modules/.vite/deps/react-dom_client.js?v=47584b45:10692:43)
[   64583ms] [WARNING] %s

%s
 An error occurred in the <CourtDiscovery> component. Consider adding an error boundary to your tree to customize error handling behavior.
Visit https://react.dev/link/error-boundaries to learn more about error boundaries. @ http://[::1]:5173/node_modules/.vite/deps/react-dom_client.js?v=47584b45:5588
[   65912ms] [INFO] %cDownload the React DevTools for a better development experience: https://react.dev/link/react-devtools font-weight:bold @ http://[::1]:5173/node_modules/.vite/deps/react-dom_client.js?v=47584b45:17803
[   65944ms] [WARNING] <meta name="apple-mobile-web-app-capable" content="yes"> is deprecated. Please include <meta name="mobile-web-app-capable" content="yes"> @ http://127.0.0.1:8151/find-courts?search=Dumaguete%20Pickleball%20Hub:0
[   65949ms] ReferenceError: Clock is not defined
    at http://[::1]:5173/resources/js/pages/court-discovery.tsx?t=1787057998463:447:44
    at Array.map (<anonymous>)
    at CourtDiscovery (http://[::1]:5173/resources/js/pages/court-discovery.tsx?t=1787057998463:328:92)
    at react-stack-bottom-frame (http://[::1]:5173/node_modules/.vite/deps/react-dom_client.js?v=47584b45:16192:20)
    at renderWithHooks (http://[::1]:5173/node_modules/.vite/deps/react-dom_client.js?v=47584b45:4306:24)
    at updateFunctionComponent (http://[::1]:5173/node_modules/.vite/deps/react-dom_client.js?v=47584b45:5972:21)
    at beginWork (http://[::1]:5173/node_modules/.vite/deps/react-dom_client.js?v=47584b45:7048:20)
    at runWithFiberInDEV (http://[::1]:5173/node_modules/.vite/deps/react-dom_client.js?v=47584b45:726:18)
    at performUnitOfWork (http://[::1]:5173/node_modules/.vite/deps/react-dom_client.js?v=47584b45:10831:98)
    at workLoopSync (http://[::1]:5173/node_modules/.vite/deps/react-dom_client.js?v=47584b45:10692:43)
[   65949ms] [WARNING] %s

%s
 An error occurred in the <CourtDiscovery> component. Consider adding an error boundary to your tree to customize error handling behavior.
Visit https://react.dev/link/error-boundaries to learn more about error boundaries. @ http://[::1]:5173/node_modules/.vite/deps/react-dom_client.js?v=47584b45:5588
[   67161ms] [INFO] %cDownload the React DevTools for a better development experience: https://react.dev/link/react-devtools font-weight:bold @ http://[::1]:5173/node_modules/.vite/deps/react-dom_client.js?v=47584b45:17803
[   67195ms] [WARNING] <meta name="apple-mobile-web-app-capable" content="yes"> is deprecated. Please include <meta name="mobile-web-app-capable" content="yes"> @ http://127.0.0.1:8151/find-courts?search=Dumaguete%20Pickleball%20Hub:0
[   67203ms] ReferenceError: Clock is not defined
    at http://[::1]:5173/resources/js/pages/court-discovery.tsx?t=1787057998463:447:44
    at Array.map (<anonymous>)
    at CourtDiscovery (http://[::1]:5173/resources/js/pages/court-discovery.tsx?t=1787057998463:328:92)
    at react-stack-bottom-frame (http://[::1]:5173/node_modules/.vite/deps/react-dom_client.js?v=47584b45:16192:20)
    at renderWithHooks (http://[::1]:5173/node_modules/.vite/deps/react-dom_client.js?v=47584b45:4306:24)
    at updateFunctionComponent (http://[::1]:5173/node_modules/.vite/deps/react-dom_client.js?v=47584b45:5972:21)
    at beginWork (http://[::1]:5173/node_modules/.vite/deps/react-dom_client.js?v=47584b45:7048:20)
    at runWithFiberInDEV (http://[::1]:5173/node_modules/.vite/deps/react-dom_client.js?v=47584b45:726:18)
    at performUnitOfWork (http://[::1]:5173/node_modules/.vite/deps/react-dom_client.js?v=47584b45:10831:98)
    at workLoopSync (http://[::1]:5173/node_modules/.vite/deps/react-dom_client.js?v=47584b45:10692:43)
[   67203ms] [WARNING] %s

%s
 An error occurred in the <CourtDiscovery> component. Consider adding an error boundary to your tree to customize error handling behavior.
Visit https://react.dev/link/error-boundaries to learn more about error boundaries. @ http://[::1]:5173/node_modules/.vite/deps/react-dom_client.js?v=47584b45:5588
[   68516ms] [INFO] %cDownload the React DevTools for a better development experience: https://react.dev/link/react-devtools font-weight:bold @ http://[::1]:5173/node_modules/.vite/deps/react-dom_client.js?v=47584b45:17803
[   68547ms] [WARNING] <meta name="apple-mobile-web-app-capable" content="yes"> is deprecated. Please include <meta name="mobile-web-app-capable" content="yes"> @ http://127.0.0.1:8151/find-courts?search=Dumaguete%20Pickleball%20Hub:0
[   68555ms] ReferenceError: Clock is not defined
    at http://[::1]:5173/resources/js/pages/court-discovery.tsx?t=1787057998463:447:44
    at Array.map (<anonymous>)
    at CourtDiscovery (http://[::1]:5173/resources/js/pages/court-discovery.tsx?t=1787057998463:328:92)
    at react-stack-bottom-frame (http://[::1]:5173/node_modules/.vite/deps/react-dom_client.js?v=47584b45:16192:20)
    at renderWithHooks (http://[::1]:5173/node_modules/.vite/deps/react-dom_client.js?v=47584b45:4306:24)
    at updateFunctionComponent (http://[::1]:5173/node_modules/.vite/deps/react-dom_client.js?v=47584b45:5972:21)
    at beginWork (http://[::1]:5173/node_modules/.vite/deps/react-dom_client.js?v=47584b45:7048:20)
    at runWithFiberInDEV (http://[::1]:5173/node_modules/.vite/deps/react-dom_client.js?v=47584b45:726:18)
    at performUnitOfWork (http://[::1]:5173/node_modules/.vite/deps/react-dom_client.js?v=47584b45:10831:98)
    at workLoopSync (http://[::1]:5173/node_modules/.vite/deps/react-dom_client.js?v=47584b45:10692:43)
[   68554ms] [WARNING] %s

%s
 An error occurred in the <CourtDiscovery> component. Consider adding an error boundary to your tree to customize error handling behavior.
Visit https://react.dev/link/error-boundaries to learn more about error boundaries. @ http://[::1]:5173/node_modules/.vite/deps/react-dom_client.js?v=47584b45:5588
[   69203ms] ReferenceError: Clock is not defined
    at http://[::1]:5173/resources/js/pages/court-discovery.tsx?t=1787058013586:450:44
    at Array.map (<anonymous>)
    at CourtDiscovery (http://[::1]:5173/resources/js/pages/court-discovery.tsx?t=1787058013586:328:92)
    at react-stack-bottom-frame (http://[::1]:5173/node_modules/.vite/deps/react-dom_client.js?v=47584b45:16192:20)
    at renderWithHooks (http://[::1]:5173/node_modules/.vite/deps/react-dom_client.js?v=47584b45:4306:24)
    at updateFunctionComponent (http://[::1]:5173/node_modules/.vite/deps/react-dom_client.js?v=47584b45:5972:21)
    at beginWork (http://[::1]:5173/node_modules/.vite/deps/react-dom_client.js?v=47584b45:7048:20)
    at runWithFiberInDEV (http://[::1]:5173/node_modules/.vite/deps/react-dom_client.js?v=47584b45:726:18)
    at performUnitOfWork (http://[::1]:5173/node_modules/.vite/deps/react-dom_client.js?v=47584b45:10831:98)
    at workLoopSync (http://[::1]:5173/node_modules/.vite/deps/react-dom_client.js?v=47584b45:10692:43)
[   69203ms] [WARNING] %s

%s
 An error occurred in the <CourtDiscovery> component. Consider adding an error boundary to your tree to customize error handling behavior.
Visit https://react.dev/link/error-boundaries to learn more about error boundaries. @ http://[::1]:5173/node_modules/.vite/deps/react-dom_client.js?v=47584b45:5588
[   71007ms] [INFO] %cDownload the React DevTools for a better development experience: https://react.dev/link/react-devtools font-weight:bold @ http://[::1]:5173/node_modules/.vite/deps/react-dom_client.js?v=47584b45:17803
[   71043ms] [WARNING] <meta name="apple-mobile-web-app-capable" content="yes"> is deprecated. Please include <meta name="mobile-web-app-capable" content="yes"> @ http://127.0.0.1:8151/find-courts?search=Dumaguete%20Pickleball%20Hub:0
[   71052ms] ReferenceError: Clock is not defined
    at http://[::1]:5173/resources/js/pages/court-discovery.tsx?t=1787058013586:450:44
    at Array.map (<anonymous>)
    at CourtDiscovery (http://[::1]:5173/resources/js/pages/court-discovery.tsx?t=1787058013586:328:92)
    at react-stack-bottom-frame (http://[::1]:5173/node_modules/.vite/deps/react-dom_client.js?v=47584b45:16192:20)
    at renderWithHooks (http://[::1]:5173/node_modules/.vite/deps/react-dom_client.js?v=47584b45:4306:24)
    at updateFunctionComponent (http://[::1]:5173/node_modules/.vite/deps/react-dom_client.js?v=47584b45:5972:21)
    at beginWork (http://[::1]:5173/node_modules/.vite/deps/react-dom_client.js?v=47584b45:7048:20)
    at runWithFiberInDEV (http://[::1]:5173/node_modules/.vite/deps/react-dom_client.js?v=47584b45:726:18)
    at performUnitOfWork (http://[::1]:5173/node_modules/.vite/deps/react-dom_client.js?v=47584b45:10831:98)
    at workLoopSync (http://[::1]:5173/node_modules/.vite/deps/react-dom_client.js?v=47584b45:10692:43)
[   71049ms] [WARNING] %s

%s
 An error occurred in the <CourtDiscovery> component. Consider adding an error boundary to your tree to customize error handling behavior.
Visit https://react.dev/link/error-boundaries to learn more about error boundaries. @ http://[::1]:5173/node_modules/.vite/deps/react-dom_client.js?v=47584b45:5588
[   72897ms] [INFO] %cDownload the React DevTools for a better development experience: https://react.dev/link/react-devtools font-weight:bold @ http://[::1]:5173/node_modules/.vite/deps/react-dom_client.js?v=47584b45:17803
[   72936ms] [WARNING] <meta name="apple-mobile-web-app-capable" content="yes"> is deprecated. Please include <meta name="mobile-web-app-capable" content="yes"> @ http://127.0.0.1:8151/find-courts?search=Dumaguete%20Pickleball%20Hub:0
[   72954ms] ReferenceError: Clock is not defined
    at http://[::1]:5173/resources/js/pages/court-discovery.tsx?t=1787058013586:450:44
    at Array.map (<anonymous>)
    at CourtDiscovery (http://[::1]:5173/resources/js/pages/court-discovery.tsx?t=1787058013586:328:92)
    at react-stack-bottom-frame (http://[::1]:5173/node_modules/.vite/deps/react-dom_client.js?v=47584b45:16192:20)
    at renderWithHooks (http://[::1]:5173/node_modules/.vite/deps/react-dom_client.js?v=47584b45:4306:24)
    at updateFunctionComponent (http://[::1]:5173/node_modules/.vite/deps/react-dom_client.js?v=47584b45:5972:21)
    at beginWork (http://[::1]:5173/node_modules/.vite/deps/react-dom_client.js?v=47584b45:7048:20)
    at runWithFiberInDEV (http://[::1]:5173/node_modules/.vite/deps/react-dom_client.js?v=47584b45:726:18)
    at performUnitOfWork (http://[::1]:5173/node_modules/.vite/deps/react-dom_client.js?v=47584b45:10831:98)
    at workLoopSync (http://[::1]:5173/node_modules/.vite/deps/react-dom_client.js?v=47584b45:10692:43)
[   72951ms] [WARNING] %s

%s
 An error occurred in the <CourtDiscovery> component. Consider adding an error boundary to your tree to customize error handling behavior.
Visit https://react.dev/link/error-boundaries to learn more about error boundaries. @ http://[::1]:5173/node_modules/.vite/deps/react-dom_client.js?v=47584b45:5588
[   74503ms] [INFO] %cDownload the React DevTools for a better development experience: https://react.dev/link/react-devtools font-weight:bold @ http://[::1]:5173/node_modules/.vite/deps/react-dom_client.js?v=47584b45:17803
[   74542ms] ReferenceError: Clock is not defined
    at http://[::1]:5173/resources/js/pages/court-discovery.tsx?t=1787058013586:450:44
    at Array.map (<anonymous>)
    at CourtDiscovery (http://[::1]:5173/resources/js/pages/court-discovery.tsx?t=1787058013586:328:92)
    at react-stack-bottom-frame (http://[::1]:5173/node_modules/.vite/deps/react-dom_client.js?v=47584b45:16192:20)
    at renderWithHooks (http://[::1]:5173/node_modules/.vite/deps/react-dom_client.js?v=47584b45:4306:24)
    at updateFunctionComponent (http://[::1]:5173/node_modules/.vite/deps/react-dom_client.js?v=47584b45:5972:21)
    at beginWork (http://[::1]:5173/node_modules/.vite/deps/react-dom_client.js?v=47584b45:7048:20)
    at runWithFiberInDEV (http://[::1]:5173/node_modules/.vite/deps/react-dom_client.js?v=47584b45:726:18)
    at performUnitOfWork (http://[::1]:5173/node_modules/.vite/deps/react-dom_client.js?v=47584b45:10831:98)
    at workLoopSync (http://[::1]:5173/node_modules/.vite/deps/react-dom_client.js?v=47584b45:10692:43)
[   74542ms] [WARNING] %s

%s
 An error occurred in the <CourtDiscovery> component. Consider adding an error boundary to your tree to customize error handling behavior.
Visit https://react.dev/link/error-boundaries to learn more about error boundaries. @ http://[::1]:5173/node_modules/.vite/deps/react-dom_client.js?v=47584b45:5588
[   74543ms] [WARNING] <meta name="apple-mobile-web-app-capable" content="yes"> is deprecated. Please include <meta name="mobile-web-app-capable" content="yes"> @ http://127.0.0.1:8151/find-courts?search=Dumaguete%20Pickleball%20Hub:0
[   75907ms] [INFO] %cDownload the React DevTools for a better development experience: https://react.dev/link/react-devtools font-weight:bold @ http://[::1]:5173/node_modules/.vite/deps/react-dom_client.js?v=47584b45:17803
[   75954ms] ReferenceError: Clock is not defined
    at http://[::1]:5173/resources/js/pages/court-discovery.tsx?t=1787058013586:450:44
    at Array.map (<anonymous>)
    at CourtDiscovery (http://[::1]:5173/resources/js/pages/court-discovery.tsx?t=1787058013586:328:92)
    at react-stack-bottom-frame (http://[::1]:5173/node_modules/.vite/deps/react-dom_client.js?v=47584b45:16192:20)
    at renderWithHooks (http://[::1]:5173/node_modules/.vite/deps/react-dom_client.js?v=47584b45:4306:24)
    at updateFunctionComponent (http://[::1]:5173/node_modules/.vite/deps/react-dom_client.js?v=47584b45:5972:21)
    at beginWork (http://[::1]:5173/node_modules/.vite/deps/react-dom_client.js?v=47584b45:7048:20)
    at runWithFiberInDEV (http://[::1]:5173/node_modules/.vite/deps/react-dom_client.js?v=47584b45:726:18)
    at performUnitOfWork (http://[::1]:5173/node_modules/.vite/deps/react-dom_client.js?v=47584b45:10831:98)
    at workLoopSync (http://[::1]:5173/node_modules/.vite/deps/react-dom_client.js?v=47584b45:10692:43)
[   75951ms] [WARNING] %s

%s
 An error occurred in the <CourtDiscovery> component. Consider adding an error boundary to your tree to customize error handling behavior.
Visit https://react.dev/link/error-boundaries to learn more about error boundaries. @ http://[::1]:5173/node_modules/.vite/deps/react-dom_client.js?v=47584b45:5588
[   75953ms] [WARNING] <meta name="apple-mobile-web-app-capable" content="yes"> is deprecated. Please include <meta name="mobile-web-app-capable" content="yes"> @ http://127.0.0.1:8151/find-courts?search=Dumaguete%20Pickleball%20Hub:0
[   78063ms] [INFO] %cDownload the React DevTools for a better development experience: https://react.dev/link/react-devtools font-weight:bold @ http://[::1]:5173/node_modules/.vite/deps/react-dom_client.js?v=47584b45:17803
[   78095ms] [WARNING] <meta name="apple-mobile-web-app-capable" content="yes"> is deprecated. Please include <meta name="mobile-web-app-capable" content="yes"> @ http://127.0.0.1:8151/find-courts?search=Dumaguete%20Pickleball%20Hub:0
[   78116ms] ReferenceError: Clock is not defined
    at http://[::1]:5173/resources/js/pages/court-discovery.tsx?t=1787058013586:450:44
    at Array.map (<anonymous>)
    at CourtDiscovery (http://[::1]:5173/resources/js/pages/court-discovery.tsx?t=1787058013586:328:92)
    at react-stack-bottom-frame (http://[::1]:5173/node_modules/.vite/deps/react-dom_client.js?v=47584b45:16192:20)
    at renderWithHooks (http://[::1]:5173/node_modules/.vite/deps/react-dom_client.js?v=47584b45:4306:24)
    at updateFunctionComponent (http://[::1]:5173/node_modules/.vite/deps/react-dom_client.js?v=47584b45:5972:21)
    at beginWork (http://[::1]:5173/node_modules/.vite/deps/react-dom_client.js?v=47584b45:7048:20)
    at runWithFiberInDEV (http://[::1]:5173/node_modules/.vite/deps/react-dom_client.js?v=47584b45:726:18)
    at performUnitOfWork (http://[::1]:5173/node_modules/.vite/deps/react-dom_client.js?v=47584b45:10831:98)
    at workLoopSync (http://[::1]:5173/node_modules/.vite/deps/react-dom_client.js?v=47584b45:10692:43)
[   78105ms] [WARNING] %s

%s
 An error occurred in the <CourtDiscovery> component. Consider adding an error boundary to your tree to customize error handling behavior.
Visit https://react.dev/link/error-boundaries to learn more about error boundaries. @ http://[::1]:5173/node_modules/.vite/deps/react-dom_client.js?v=47584b45:5588
[   80706ms] [INFO] %cDownload the React DevTools for a better development experience: https://react.dev/link/react-devtools font-weight:bold @ http://[::1]:5173/node_modules/.vite/deps/react-dom_client.js?v=47584b45:17803
[   80736ms] [WARNING] <meta name="apple-mobile-web-app-capable" content="yes"> is deprecated. Please include <meta name="mobile-web-app-capable" content="yes"> @ http://127.0.0.1:8151/find-courts?search=Dumaguete%20Pickleball%20Hub:0
[   80745ms] ReferenceError: Clock is not defined
    at http://[::1]:5173/resources/js/pages/court-discovery.tsx?t=1787058013586:450:44
    at Array.map (<anonymous>)
    at CourtDiscovery (http://[::1]:5173/resources/js/pages/court-discovery.tsx?t=1787058013586:328:92)
    at react-stack-bottom-frame (http://[::1]:5173/node_modules/.vite/deps/react-dom_client.js?v=47584b45:16192:20)
    at renderWithHooks (http://[::1]:5173/node_modules/.vite/deps/react-dom_client.js?v=47584b45:4306:24)
    at updateFunctionComponent (http://[::1]:5173/node_modules/.vite/deps/react-dom_client.js?v=47584b45:5972:21)
    at beginWork (http://[::1]:5173/node_modules/.vite/deps/react-dom_client.js?v=47584b45:7048:20)
    at runWithFiberInDEV (http://[::1]:5173/node_modules/.vite/deps/react-dom_client.js?v=47584b45:726:18)
    at performUnitOfWork (http://[::1]:5173/node_modules/.vite/deps/react-dom_client.js?v=47584b45:10831:98)
    at workLoopSync (http://[::1]:5173/node_modules/.vite/deps/react-dom_client.js?v=47584b45:10692:43)
[   80744ms] [WARNING] %s

%s
 An error occurred in the <CourtDiscovery> component. Consider adding an error boundary to your tree to customize error handling behavior.
Visit https://react.dev/link/error-boundaries to learn more about error boundaries. @ http://[::1]:5173/node_modules/.vite/deps/react-dom_client.js?v=47584b45:5588
[   82147ms] [INFO] %cDownload the React DevTools for a better development experience: https://react.dev/link/react-devtools font-weight:bold @ http://[::1]:5173/node_modules/.vite/deps/react-dom_client.js?v=47584b45:17803
[   82181ms] [WARNING] <meta name="apple-mobile-web-app-capable" content="yes"> is deprecated. Please include <meta name="mobile-web-app-capable" content="yes"> @ http://127.0.0.1:8151/find-courts?search=Dumaguete%20Pickleball%20Hub:0
[   82187ms] ReferenceError: Clock is not defined
    at http://[::1]:5173/resources/js/pages/court-discovery.tsx?t=1787058013586:450:44
    at Array.map (<anonymous>)
    at CourtDiscovery (http://[::1]:5173/resources/js/pages/court-discovery.tsx?t=1787058013586:328:92)
    at react-stack-bottom-frame (http://[::1]:5173/node_modules/.vite/deps/react-dom_client.js?v=47584b45:16192:20)
    at renderWithHooks (http://[::1]:5173/node_modules/.vite/deps/react-dom_client.js?v=47584b45:4306:24)
    at updateFunctionComponent (http://[::1]:5173/node_modules/.vite/deps/react-dom_client.js?v=47584b45:5972:21)
    at beginWork (http://[::1]:5173/node_modules/.vite/deps/react-dom_client.js?v=47584b45:7048:20)
    at runWithFiberInDEV (http://[::1]:5173/node_modules/.vite/deps/react-dom_client.js?v=47584b45:726:18)
    at performUnitOfWork (http://[::1]:5173/node_modules/.vite/deps/react-dom_client.js?v=47584b45:10831:98)
    at workLoopSync (http://[::1]:5173/node_modules/.vite/deps/react-dom_client.js?v=47584b45:10692:43)
[   82187ms] [WARNING] %s

%s
 An error occurred in the <CourtDiscovery> component. Consider adding an error boundary to your tree to customize error handling behavior.
Visit https://react.dev/link/error-boundaries to learn more about error boundaries. @ http://[::1]:5173/node_modules/.vite/deps/react-dom_client.js?v=47584b45:5588
[   83670ms] [INFO] %cDownload the React DevTools for a better development experience: https://react.dev/link/react-devtools font-weight:bold @ http://[::1]:5173/node_modules/.vite/deps/react-dom_client.js?v=47584b45:17803
[   83700ms] [WARNING] <meta name="apple-mobile-web-app-capable" content="yes"> is deprecated. Please include <meta name="mobile-web-app-capable" content="yes"> @ http://127.0.0.1:8151/find-courts?search=Dumaguete%20Pickleball%20Hub:0
[   83705ms] ReferenceError: Clock is not defined
    at http://[::1]:5173/resources/js/pages/court-discovery.tsx?t=1787058013586:450:44
    at Array.map (<anonymous>)
    at CourtDiscovery (http://[::1]:5173/resources/js/pages/court-discovery.tsx?t=1787058013586:328:92)
    at react-stack-bottom-frame (http://[::1]:5173/node_modules/.vite/deps/react-dom_client.js?v=47584b45:16192:20)
    at renderWithHooks (http://[::1]:5173/node_modules/.vite/deps/react-dom_client.js?v=47584b45:4306:24)
    at updateFunctionComponent (http://[::1]:5173/node_modules/.vite/deps/react-dom_client.js?v=47584b45:5972:21)
    at beginWork (http://[::1]:5173/node_modules/.vite/deps/react-dom_client.js?v=47584b45:7048:20)
    at runWithFiberInDEV (http://[::1]:5173/node_modules/.vite/deps/react-dom_client.js?v=47584b45:726:18)
    at performUnitOfWork (http://[::1]:5173/node_modules/.vite/deps/react-dom_client.js?v=47584b45:10831:98)
    at workLoopSync (http://[::1]:5173/node_modules/.vite/deps/react-dom_client.js?v=47584b45:10692:43)
[   83705ms] [WARNING] %s

%s
 An error occurred in the <CourtDiscovery> component. Consider adding an error boundary to your tree to customize error handling behavior.
Visit https://react.dev/link/error-boundaries to learn more about error boundaries. @ http://[::1]:5173/node_modules/.vite/deps/react-dom_client.js?v=47584b45:5588
[   85175ms] [INFO] %cDownload the React DevTools for a better development experience: https://react.dev/link/react-devtools font-weight:bold @ http://[::1]:5173/node_modules/.vite/deps/react-dom_client.js?v=47584b45:17803
[   85202ms] [WARNING] <meta name="apple-mobile-web-app-capable" content="yes"> is deprecated. Please include <meta name="mobile-web-app-capable" content="yes"> @ http://127.0.0.1:8151/find-courts?search=Dumaguete%20Pickleball%20Hub:0
[   85224ms] ReferenceError: Clock is not defined
    at http://[::1]:5173/resources/js/pages/court-discovery.tsx?t=1787058013586:450:44
    at Array.map (<anonymous>)
    at CourtDiscovery (http://[::1]:5173/resources/js/pages/court-discovery.tsx?t=1787058013586:328:92)
    at react-stack-bottom-frame (http://[::1]:5173/node_modules/.vite/deps/react-dom_client.js?v=47584b45:16192:20)
    at renderWithHooks (http://[::1]:5173/node_modules/.vite/deps/react-dom_client.js?v=47584b45:4306:24)
    at updateFunctionComponent (http://[::1]:5173/node_modules/.vite/deps/react-dom_client.js?v=47584b45:5972:21)
    at beginWork (http://[::1]:5173/node_modules/.vite/deps/react-dom_client.js?v=47584b45:7048:20)
    at runWithFiberInDEV (http://[::1]:5173/node_modules/.vite/deps/react-dom_client.js?v=47584b45:726:18)
    at performUnitOfWork (http://[::1]:5173/node_modules/.vite/deps/react-dom_client.js?v=47584b45:10831:98)
    at workLoopSync (http://[::1]:5173/node_modules/.vite/deps/react-dom_client.js?v=47584b45:10692:43)
[   85214ms] [WARNING] %s

%s
 An error occurred in the <CourtDiscovery> component. Consider adding an error boundary to your tree to customize error handling behavior.
Visit https://react.dev/link/error-boundaries to learn more about error boundaries. @ http://[::1]:5173/node_modules/.vite/deps/react-dom_client.js?v=47584b45:5588
[   88355ms] [INFO] %cDownload the React DevTools for a better development experience: https://react.dev/link/react-devtools font-weight:bold @ http://[::1]:5173/node_modules/.vite/deps/react-dom_client.js?v=47584b45:17803
[   88383ms] [WARNING] <meta name="apple-mobile-web-app-capable" content="yes"> is deprecated. Please include <meta name="mobile-web-app-capable" content="yes"> @ http://127.0.0.1:8151/find-courts?search=Dumaguete%20Pickleball%20Hub:0
[   88389ms] ReferenceError: Clock is not defined
    at http://[::1]:5173/resources/js/pages/court-discovery.tsx?t=1787058013586:450:44
    at Array.map (<anonymous>)
    at CourtDiscovery (http://[::1]:5173/resources/js/pages/court-discovery.tsx?t=1787058013586:328:92)
    at react-stack-bottom-frame (http://[::1]:5173/node_modules/.vite/deps/react-dom_client.js?v=47584b45:16192:20)
    at renderWithHooks (http://[::1]:5173/node_modules/.vite/deps/react-dom_client.js?v=47584b45:4306:24)
    at updateFunctionComponent (http://[::1]:5173/node_modules/.vite/deps/react-dom_client.js?v=47584b45:5972:21)
    at beginWork (http://[::1]:5173/node_modules/.vite/deps/react-dom_client.js?v=47584b45:7048:20)
    at runWithFiberInDEV (http://[::1]:5173/node_modules/.vite/deps/react-dom_client.js?v=47584b45:726:18)
    at performUnitOfWork (http://[::1]:5173/node_modules/.vite/deps/react-dom_client.js?v=47584b45:10831:98)
    at workLoopSync (http://[::1]:5173/node_modules/.vite/deps/react-dom_client.js?v=47584b45:10692:43)
[   88389ms] [WARNING] %s

%s
 An error occurred in the <CourtDiscovery> component. Consider adding an error boundary to your tree to customize error handling behavior.
Visit https://react.dev/link/error-boundaries to learn more about error boundaries. @ http://[::1]:5173/node_modules/.vite/deps/react-dom_client.js?v=47584b45:5588
[   89912ms] [WARNING] <meta name="apple-mobile-web-app-capable" content="yes"> is deprecated. Please include <meta name="mobile-web-app-capable" content="yes"> @ http://127.0.0.1:8151/find-courts?search=Dumaguete%20Pickleball%20Hub:0
[   93092ms] [WARNING] The resource http://127.0.0.1:8151/cp3.png was preloaded using link preload but not used within a few seconds from the window's load event. Please make sure it has an appropriate `as` value and it is preloaded intentionally. @ http://127.0.0.1:8151/find-courts?search=Dumaguete%20Pickleball%20Hub:0
[   93093ms] [WARNING] The resource http://127.0.0.1:8151/cp-model5.png was preloaded using link preload but not used within a few seconds from the window's load event. Please make sure it has an appropriate `as` value and it is preloaded intentionally. @ http://127.0.0.1:8151/find-courts?search=Dumaguete%20Pickleball%20Hub:0
